This is LuaHBTeX, Version 1.22.0 (TeX Live 2025)  (format=optex 2025.12.3)  19 MAY 2026 23:20
 restricted system commands enabled.
**TV_main
(./TV_main.tex This is OpTeX (Olsak's Plain TeX), version <1.18 May 2025>
(./TV_main.ref)
\openout1 = TV_main.ref
 (./hofstadter.opm
(/usr/local/texlive/2025/texmf-dist/tex/optex/base/f-ebgaramond.opm
luaotfload | conf : Root cache directory is "/home/pmc/.texlive2025/texmf-var/lu
atex-cache/generic/names".
luaotfload | init : Loading fontloader "fontloader-2023-12-28.lua" from kpse-res
olved path "/usr/local/texlive/2025/texmf-dist/tex/luatex/luaotfload/fontloader-
2023-12-28.lua".
"luaotfload@noligature"=\attribute3
luaotfload | init : Context OpenType loader version 3.134
"luaotfload_color_attribute"=\attribute4
luaotfload | conf : Root cache directory is "/home/pmc/.texlive2025/texmf-var/lu
atex-cache/generic/names".
"luaotfload.letterspace_done"=\attribute5
luaotfload | db : Font names database loaded from /home/pmc/.texlive2025/texmf-v
ar/luatex-cache/generic/names/luaotfload-names.luc.gz
FONT: [EB Garamond] -- \EBGaramond (Based on Garamond)
 mods:{\medium \semibold \caps \swash } vars:{\rm \bf \it \bi \initials } math:
{Garamond-Math}
Modifiers:
 \caps ...... caps & small caps
 \swash ..... alternative capitals for \it , \bi , only non-accented letters
 \medium .... medium weight
 \semibold .. semibold weight (only \bf , \bi are changed)
 Variant:
 \initials .. Initials, only letters ADFGLNOQT
 
MATH-FONT: "[Garamond-Math]" -- unicode math prepared.
(/usr/local/texlive/2025/texmf-dist/tex/optex/base/unimath-codes.opm
@:[unimath-codes] Uni math codes <2025-02-09>
\_umathnumA=\count298
\_umathnumB=\count299

(/usr/local/texlive/2025/texmf-dist/tex/optex/base/mathclass.opm)
(/usr/local/texlive/2025/texmf-dist/tex/optex/base/unimath-table.opm))))
(/usr/local/texlive/2025/texmf-dist/tex/optex/pkg/minim-mp.opm
@:[minim-mp] Minim-PDF for \OpTeX /

(/usr/local/texlive/2025/texmf-dist/tex/optex/pkg/minim.opm
@:[minim] Minim compatibility for \OpTeX / (v0.1)
\allocationnumber=\count300
\e@alloc@luafunction@count=\count301

(/usr/local/texlive/2025/texmf-dist/tex/luatex/minim/minim-alloc.tex
\voidbox=\box262
\unset=\count302
\alloc:globoffset=\count303
\e@alloc@attribute@count=\count304
\e@alloc@whatsit@count=\count305
\e@alloc@bytecode@count=\count306
\e@alloc@luachunk@count=\count307
\e@alloc@ccodetable@count=\count308
\e@alloc@rule@count=\count309
\minim:initcatcodes=\catcodetable15
\minim:shipout:box=\box263
\minim:ateverypar=\toks304
\minim:atnextpar=\toks305
\everypar=\toks306
callback set: pre_shipout (user-defined)
\function7 : minim:currentfile
\function8 : pdfstring
callback set: uselanguage (user-defined)
\function9 : minim:uselanguagecallback
\function10 : Ucharcat
\luabytecode1 : saved_tables_bytecode
callback set: pre_dump (#1 on list)))
(/usr/local/texlive/2025/texmf-dist/tex/luatex/minim-mp/minim-mp.tex
(/usr/local/texlive/2025/texmf-dist/tex/luatex/minim/minim-alloc.tex
(skipped)
)
(/usr/local/texlive/2025/texmf-dist/tex/luatex/minim/minim-pdfresources.tex
(skipped)
)
\minim:mp:catcodes:maketext=\catcodetable16
\minim:mp:catcodes:mpcode=\catcodetable17
\function11 : withpdfresource
callback set: finish_pdfpage (#1 on list)
\function12 : minim:pgf:fix:luaside
callback set: finish_mpfigure (user-defined)
\function13 : debugmetapost
\box264 : infont box
\function14 : closemetapostinstance
\function15 : runmetapost
\function16 : getnextmpimage
\function17 : getnamedmpimage
\function18 : boxnextmpimage
\function19 : boxnamedmpimage
\function20 : remainingmpimages
\mp:tmpcount=\count310
\mp:cur:inst=\count311
\mp:init:env=\toks307
\mp:inst:pre:tex:0=\toks308
\mp:inst:pre:mp:0=\toks309
\mp:inst:post:mp:0=\toks310
\mp:inst:post:tex:0=\toks311
\mp:inst:pre:tex=\toks312
\mp:inst:post:tex=\toks313
\mp:mpcode=\toks314
\mp:makempcode=\toks315
\convertmpcolours=\count312
\RtoG=\count313
\GtoG=\count314
\BtoG=\count315
\everymaketext=\toks316
\everyverbatimtex=\toks317
))
(/usr/local/texlive/2025/texmf-dist/tex/optex/base/f-ebgaramond.opm)
Loading hyphenation for UKenglish: \language=2 (en-gb)

(/usr/local/texlive/2025/texmf-dist/tex/generic/hyph-utf8/patterns/tex/hyph-en-
gb.tex)
\pageshift=\count316
\partnum=\count317
 (./TV_front_matter.tex [1] [-1{/usr/local/texlive/2025/texmf-var/fonts/map/pdft
ex/updmap/pdftex.map}] [-2] [-3] [-4<./joyce_symbol.pdf>] [-5<./atomic_razor.pdf
>] [-6]) [-7] [-8] [-9] [-10] [-11] [-12] [-13] [-14] [-15] [-16]
[-17] [-18] [-19] [-20] [-21] [-22] [-23] (./TV_january.tex [1]
WARNING l.4: {} \cite [GEB_Allen_1] unknown. Try to TeX me again.
WARNING l.5: {} \cite [MT_Axelrod_3] unknown. Try to TeX me again.
[2] [3] [4] [5]
Underfull \hbox (badness 4805) in paragraph at lines 21--21
[]\_tenrm 1.3 The Match Cut at Beech-wood Av-enue (or Moon-

\hbox(9.87+2.996)x330.05196, glue set 3.63736, direction TLT
.\localpar
..\localinterlinepenalty=0
..\localbrokenpenalty=0
..\localleftbox=null
..\localrightbox=null
.\hbox(0.0+0.0)x0.0, direction TLT
.\_tenrm 1
.\_tenrm .
.\_tenrm 3
.\glue 14.0
.\_tenrm T
.\_tenrm h
.\_tenrm e
.\glue(\spaceskip) 2.8 plus 1.4 minus 0.93333
.\_tenrm M
.\kern-0.28 (font)
.\_tenrm a
.\_tenrm t
.\_tenrm c
.\_tenrm h
.\glue(\spaceskip) 2.8 plus 1.4 minus 0.93333
.\_tenrm C
.\_tenrm u
.\_tenrm t
.\glue(\spaceskip) 2.8 plus 1.4 minus 0.93333
.\_tenrm a
.\_tenrm t
.\glue(\spaceskip) 2.8 plus 1.4 minus 0.93333
.\_tenrm B
.\_tenrm e
.\kern-0.14 (font)
.\_tenrm e
.\kern-0.14 (font)
.\_tenrm c
.\_tenrm h
.\discretionary (penalty 50)
..< \_tenrm -
..= \kern-0.35 (font)
.\_tenrm w
.\kern-0.35 (font)
.\_tenrm o
.\_tenrm o
.\_tenrm d
.\glue(\spaceskip) 2.8 plus 1.4 minus 0.93333
.\_tenrm A
.\kern-0.98 (font)
.\_tenrm v
.\discretionary (penalty 50)
..< \_tenrm -
..= \kern-0.35 (font)
.\_tenrm e
.\_tenrm n
.\_tenrm u
.\_tenrm e
.\glue(\spaceskip) 2.8 plus 1.4 minus 0.93333
.\_tenrm (
.\_tenrm o
.\_tenrm r
.\glue(\spaceskip) 2.8 plus 1.4 minus 0.93333
.\_tenrm M
.\kern-0.28 (font)
.\_tenrm o
.\_tenrm o
.\_tenrm n
.\_tenrm -
.\discretionary (penalty 50)
.\glue(\rightskip) 0.0

[6] [7] [8] [9] [10] [11] [12] [13] [14] [15] [16] [17] [18] [19] [20] [21]
[22] [23] [24] [25] [26] [27] [28] [29] [30] [31] [32] [33] [34] [35] [36]
[37] [38] [39] [40] [41] [42] [43] [44] [45] [46] [47] [48] [49] [50] [51]
[52] [53] [54] [55] [56] [57] [58] [59] [60] [61] [62] [63]) (./TV_february.tex
[64]
Underfull \hbox (badness 1418) in paragraph at lines 1--1
 \_tenit non-linear, non-subjective view-point—it’s 

\hbox(7.799+3.19)x330.05196, glue set 2.42174, direction TLT
.\glue(\leftskip) 99.58464
.\_tenit n
.\_tenit o
.\_tenit n
.\discretionary (penalty 50)
..< \_tenit -
..= \_tenit -
.\_tenit l
.\_tenit i
.\kern-0.165 (font)
.\_tenit n
.\_tenit e
.\_tenit a
.\kern-0.22 (font)
.\_tenit r
.\_tenit ,
.\glue(\spaceskip) 2.2 plus 1.1 minus 0.73334
.\_tenit n
.\_tenit o
.\_tenit n
.\discretionary (penalty 50)
..< \_tenit -
..= \_tenit -
.\_tenit s
.\_tenit u
.\kern-0.275 (font)
.\_tenit b
.\_tenit j
.\_tenit e
.\_tenit c
.\_tenit t
.\_tenit i
.\_tenit v
.\_tenit e
.\glue(\spaceskip) 2.2 plus 1.1 minus 0.73334
.\_tenit v
.\_tenit i
.\kern-0.22 (font)
.\_tenit e
.\_tenit w
.\discretionary (penalty 50)
..< \_tenit -
.\_tenit p
.\_tenit o
.\_tenit i
.\kern-0.165 (font)
.\_tenit n
.\_tenit t
.\_tenit —
.\_tenit i
.\_tenit t
.\_tenit ’
.\_tenit s
.\glue(\rightskip) 56.9055

[65] [66] [67] [68] [69] [70] [71] [72] [73] [74] [75] [76] [77] [78] [79]
[80] [81] [82] [83] [84] [85] [86] [87] [88] [89] [90] [91] [92] [93] [94]
[95] [96] [97] [98] [99] [100] [101] [102] [103] [104] [105] [106] [107]
[108] [109] [110] [111] [112] [113] [114] [115] [116] [117] [118] [119]
[120] [121] [122] [123]) (./TV_march.tex [124] [125] [126] [127] [128] [129]
[130] [131] [132] [133] [134] [135] [136] [137] [138] [139] [140] [141]
[142] [143] [144] [145] [146] [147] [148] [149] [150] [151] [152] [153]
[154] [155] [156] [157] [158] [159] [160] [161] [162] [163] [164] [165]
[166] [167] [168] [169] [170] [171] [172] [173] [174] [175] [176] [177]
[178] [179] [180] [181] [182] [183] [184] [185] [186] [187]) (./TV_april.tex
[188]
Underfull \hbox (badness 6825) in paragraph at lines 1--1
 \_tenrm --- Robert Brown-ing, \_tenit Home-Thoughts, 

\hbox(7.777+3.19)x330.05196, glue set 4.0878, direction TLT
.\glue(\leftskip) 99.58464
.\localpar
..\localinterlinepenalty=0
..\localbrokenpenalty=0
..\localleftbox=null
..\localrightbox=null
.\_tenrm —
.\glue(\spaceskip) 2.2 plus 1.1 minus 0.73334
.\_tenrm R
.\_tenrm o
.\_tenrm b
.\_tenrm e
.\_tenrm r
.\_tenrm t
.\glue(\spaceskip) 2.2 plus 1.1 minus 0.73334
.\_tenrm B
.\_tenrm r
.\_tenrm o
.\kern-0.165 (font)
.\_tenrm w
.\_tenrm n
.\discretionary (penalty 50)
..< \_tenrm -
.\_tenrm i
.\_tenrm n
.\_tenrm g
.\_tenrm ,
.\glue(\spaceskip) 2.2 plus 1.1 minus 0.73334
.\_tenit H
.\_tenit o
.\_tenit m
.\_tenit e
.\discretionary (penalty 50)
..< \_tenit -
..= \_tenit -
.\_tenit T
.\_tenit h
.\_tenit o
.\_tenit u
.\_tenit g
.\kern-0.275 (font)
.\_tenit h
.\_tenit t
.\_tenit s
.\_tenit ,
.\glue(\rightskip) 56.9055


Underfull \hbox (badness 2409) in paragraph at lines 1--1
 []\_tenit April is the cruellest month, breed-ing / 

\hbox(7.799+3.19)x330.05196, glue set 2.89056, direction TLT
.\glue(\leftskip) 99.58464
.\localpar
..\localinterlinepenalty=0
..\localbrokenpenalty=0
..\localleftbox=null
..\localrightbox=null
.\hbox(0.0+0.0)x0.0, direction TLT
.\_tenit A
.\kern-0.165 (font)
.\_tenit p
.\_tenit r
.\_tenit i
.\kern-0.275 (font)
.\_tenit l
.\glue(\spaceskip) 2.2 plus 1.1 minus 0.73334
.\_tenit i
.\_tenit s
.\glue(\spaceskip) 2.2 plus 1.1 minus 0.73334
.\_tenit t
.\kern-0.22 (font)
.\_tenit h
.\_tenit e
.\glue(\spaceskip) 2.2 plus 1.1 minus 0.73334
.\_tenit c
.\_tenit r
.\_tenit u
.\kern-0.22 (font)
.\_tenit e
.\kern-0.275 (font)
.\_tenit l
.\kern-0.165 (font)
.\_tenit l
.\_tenit e
.\_tenit s
.\_tenit t
.\glue(\spaceskip) 2.2 plus 1.1 minus 0.73334
.\_tenit m
.\_tenit o
.\_tenit n
.\_tenit t
.\kern-0.22 (font)
.\_tenit h
.\_tenit ,
.\glue(\spaceskip) 2.2 plus 1.1 minus 0.73334
.\_tenit b
.\_tenit r
.\_tenit e
.\_tenit e
.\_tenit d
.\discretionary (penalty 50)
..< \_tenit -
.\_tenit i
.\kern-0.165 (font)
.\_tenit n
.\_tenit g
.\glue(\spaceskip) 2.2 plus 1.1 minus 0.73334
.\_tenit /
.\glue(\rightskip) 56.9055

[189] [190] [191] [192] [193] [194] [195] [196] [197] [198] [199] [200]
[201] [202] [203] [204] [205] [206] [207] [208] [209] [210] [211] [212]
[213] [214] [215] [216] [217] [218] [219] [220] [221] [222] [223] [224]
[225] [226] [227] [228] [229] [230] [231] [232] [233] [234] [235] [236]
[237] [238] [239] [240] [241] [242] [243] [244] [245] [246] [247] [248]
[249]) (./TV_may.tex [250] [251] [252] [253] [254] [255] [256] [257] [258]
[259] [260] [261] [262] [263] [264] [265] [266] [267] [268] [269] [270]
[271] [272] [273] [274] [275] [276] [277] [278] [279] [280] [281] [282]
[283] [284] [285] [286] [287] [288] [289] [290] [291] [292] [293] [294]
[295] [296] [297] [298] [299] [300] [301] [302] [303] [304] [305] [306]
[307] [308] [309] [310] [311] [312] [313]) (./TV_june.tex [314]
Underfull \hbox (badness 10000) in paragraph at lines 1--1
\serifboldlarge PART 6 The Shortest

\hbox(18.33+0.546)x330.05196, glue set 12.39148, direction TLT
.\localpar
..\localinterlinepenalty=0
..\localbrokenpenalty=0
..\localleftbox=null
..\localrightbox=null
.\serifboldlarge P
.\kern-2.132 (font)
.\serifboldlarge A
.\kern-0.312 (font)
.\serifboldlarge R
.\kern-2.6 (font)
.\serifboldlarge T
.\glue(\spaceskip) 6.162 plus 3.07791 minus 2.05605
.\serifboldlarge 6
.\glue 26.0
.\serifboldlarge T
.\serifboldlarge h
.\serifboldlarge e
.\glue(\spaceskip) 6.162 plus 3.081 minus 2.054
.\serifboldlarge S
.\serifboldlarge h
.\serifboldlarge o
.\serifboldlarge r
.\serifboldlarge t
.\serifboldlarge e
.\serifboldlarge s
.\serifboldlarge t
.\glue(\rightskip) 0.0

[315] [316] [317] [318] [319] [320] [321] [322] [323] [324] [325] [326]
[327] [328] [329] [330] [331] [332] [333] [334] [335] [336] [337] [338]
[339] [340] [341] [342] [343] [344] [345] [346] [347] [348] [349] [350]
[351] [352] [353] [354] [355] [356] [357] [358] [359] [360] [361] [362]
[363] [364] [365] [366] [367] [368] [369] [370] [371] [372] [373] [374]
[375]) (./TV_july.tex [378] [379] [380] [381] [382] [383] [384] [385] [386]
[387] [388] [389] [390] [391] [392] [393] [394] [395] [396] [397] [398]
[399] [400] [401] [402] [403] [404] [405] [406] [407] [408] [409] [410]
[411] [412] [413] [414] [415] [416] [417] [418] [419] [420] [421] [422]
[423] [424] [425] [426] [427] [428] [429] [430] [431] [432] [433] [434]
[435] [436] [437] [438] [439] [440] [441]) (./TV_august.tex [442]
Underfull \hbox (badness 2435) in paragraph at lines 1--1
\serifboldlarge PART 8 The Strange Har-

\hbox(18.33+7.514)x330.05196, glue set 2.89915, direction TLT
.\localpar
..\localinterlinepenalty=0
..\localbrokenpenalty=0
..\localleftbox=null
..\localrightbox=null
.\serifboldlarge P
.\kern-2.132 (font)
.\serifboldlarge A
.\kern-0.312 (font)
.\serifboldlarge R
.\kern-2.6 (font)
.\serifboldlarge T
.\glue(\spaceskip) 6.162 plus 3.07791 minus 2.05605
.\serifboldlarge 8
.\glue 26.0
.\serifboldlarge T
.\serifboldlarge h
.\serifboldlarge e
.\glue(\spaceskip) 6.162 plus 3.081 minus 2.054
.\serifboldlarge S
.\serifboldlarge t
.\serifboldlarge r
.\serifboldlarge a
.\serifboldlarge n
.\serifboldlarge g
.\kern-0.208 (font)
.\serifboldlarge e
.\glue(\spaceskip) 6.162 plus 3.081 minus 2.054
.\serifboldlarge H
.\serifboldlarge a
.\serifboldlarge r
.\serifboldlarge -
.\discretionary (penalty 50)
.\glue(\rightskip) 0.0

[443] [444] [445] [446] [447] [448] [449] [450] [451] [452] [453] [454]
[455] [456] [457] [458] [459] [460] [461] [462] [463] [464] [465] [466]
[467] [468] [469] [470] [471] [472] [473] [474] [475] [476] [477] [478]
[479] [480] [481] [482] [483] [484] [485] [486] [487] [488] [489] [490]
[491] [492] [493] [494] [495] [496] [497] [498] [499] [500] [501] [502]
[503] [504] [505]) (./TV_september.tex [506]
Underfull \hbox (badness 1990) in paragraph at lines 1--1
\serifboldlarge PART 9 The Men-tal Equi-

\hbox(18.33+7.462)x330.05196, glue set 2.71344, direction TLT
.\localpar
..\localinterlinepenalty=0
..\localbrokenpenalty=0
..\localleftbox=null
..\localrightbox=null
.\serifboldlarge P
.\kern-2.132 (font)
.\serifboldlarge A
.\kern-0.312 (font)
.\serifboldlarge R
.\kern-2.6 (font)
.\serifboldlarge T
.\glue(\spaceskip) 6.162 plus 3.07791 minus 2.05605
.\serifboldlarge 9
.\glue 26.0
.\serifboldlarge T
.\serifboldlarge h
.\serifboldlarge e
.\glue(\spaceskip) 6.162 plus 3.081 minus 2.054
.\serifboldlarge M
.\kern-0.52 (font)
.\serifboldlarge e
.\serifboldlarge n
.\discretionary (penalty 50)
..< \serifboldlarge -
..= \kern-0.416 (font)
.\serifboldlarge t
.\serifboldlarge a
.\serifboldlarge l
.\glue(\spaceskip) 6.162 plus 3.081 minus 2.054
.\serifboldlarge E
.\kern-0.104 (font)
.\serifboldlarge q
.\serifboldlarge u
.\serifboldlarge i
.\serifboldlarge -
.\discretionary (penalty 50)
.\glue(\rightskip) 0.0

[507] [508] [509] [510] [511] [512] [513] [514] [515] [516] [517] [518]
[519] [520] [521] [522] [523] [524] [525] [526] [527] [528] [529] [530]
[531] [532] [533] [534] [535] [536] [537] [538] [539] [540] [541] [542]
[543] [544] [545] [546] [547] [548] [549] [550] [551] [552] [553] [554]
[555] [556] [557] [558] [559] [560] [561] [562] [563] [564] [565] [566]
[567]) (./TV_october.tex [568] [569] [570] [571] [572] [573] [574] [575]
[576] [577] [578] [579] [580] [581] [582] [583] [584] [585] [586] [587]
[588] [589] [590] [591] [592] [593] [594] [595] [596] [597] [598] [599]
[600] [601] [602] [603] [604] [605] [606] [607] [608] [609] [610] [611]
[612] [613] [614] [615] [616] [617] [618] [619] [620] [621] [622] [623]
[624] [625] [626] [627] [628] [629] [630] [631]) (./TV_november.tex [632]
Underfull \hbox (badness 2111) in paragraph at lines 1--1
\serifboldlarge PART 11 The Fog of Dis-

\hbox(18.356+7.514)x330.05196, glue set 2.76506, direction TLT
.\localpar
..\localinterlinepenalty=0
..\localbrokenpenalty=0
..\localleftbox=null
..\localrightbox=null
.\serifboldlarge P
.\kern-2.132 (font)
.\serifboldlarge A
.\kern-0.312 (font)
.\serifboldlarge R
.\kern-2.6 (font)
.\serifboldlarge T
.\glue(\spaceskip) 6.162 plus 3.07791 minus 2.05605
.\serifboldlarge 1
.\serifboldlarge 1
.\glue 26.0
.\serifboldlarge T
.\serifboldlarge h
.\serifboldlarge e
.\glue(\spaceskip) 6.162 plus 3.081 minus 2.054
.\serifboldlarge F
.\kern-0.78 (font)
.\serifboldlarge o
.\serifboldlarge g
.\glue(\spaceskip) 6.162 plus 3.081 minus 2.054
.\serifboldlarge o
.\serifboldlarge f
.\glue(\spaceskip) 6.162 plus 3.081 minus 2.054
.\serifboldlarge D
.\serifboldlarge i
.\serifboldlarge s
.\serifboldlarge -
.\discretionary (penalty 50)
.\glue(\rightskip) 0.0

[633] [634] [635] [636] [637]
\mp:inst:pre:tex:1=\toks318
\mp:inst:pre:mp:1=\toks319
\mp:inst:post:mp:1=\toks320
\mp:inst:post:tex:1=\toks321
┌ opening metapost instance {:metapost:} (1)
│ This is MetaPost, Version 2.11  19 MAY 2026 23:20 (/usr/local/texlive/2025/t
exmf-dist/metapost/base/plain.mp
│ Preloading the plain mem file, version 1.005)
│ (/usr/local/texlive/2025/texmf-dist/metapost/minim-mp/minim.mp
│ Loading general minim extension macros)
│ (/usr/local/texlive/2025/texmf-dist/metapost/minim-mp/minim-mp.mp
│ Setting up the minim MetaPost extensions)
└ status 0 (good)
\box265 : <unnamed>
┌ metapost instance {:metapost:} (1)
└ status 0 (good) (no figures)
┌ closing metapost instance {:metapost:} (1)
└ status 0 (good) [638]
\mp:inst:pre:tex:2=\toks322
\mp:inst:pre:mp:2=\toks323
\mp:inst:post:mp:2=\toks324
\mp:inst:post:tex:2=\toks325
┌ opening metapost instance {:metapost:} (2)
│ This is MetaPost, Version 2.11  19 MAY 2026 23:20 (/usr/local/texlive/2025/t
exmf-dist/metapost/base/plain.mp
│ Preloading the plain mem file, version 1.005)
│ (/usr/local/texlive/2025/texmf-dist/metapost/minim-mp/minim.mp
│ Loading general minim extension macros)
│ (/usr/local/texlive/2025/texmf-dist/metapost/minim-mp/minim-mp.mp
│ Setting up the minim MetaPost extensions)
└ status 0 (good)
\box266 : <unnamed>
┌ metapost instance {:metapost:} (2)
└ status 0 (good) (no figures)
┌ closing metapost instance {:metapost:} (2)
└ status 0 (good) [639] [640] [641] [642] [643] [644]
[645] [646] [647] [648] [649] [650] [651] [652] [653] [654] [655] [656]
[657] [658] [659] [660] [661] [662] [663] [664] [665] [666] [667] [668]
[669] [670] [671] [672] [673] [674] [675] [676] [677] [678] [679] [680]
[681] [682] [683] [684] [685] [686] [687] [688] [689] [690] [691] [692]
[693]) (./TV_december.tex [694] [695] [696] [697] [698] [699] [700] [701]
[702] [703] [704] [705] [706] [707] [708] [709] [710] [711] [712] [713]
[714] [715] [716] [717] [718] [719] [720] [721] [722] [723] [724] [725]
[726] [727] [728] [729] [730] [731] [732] [733] [734] [735] [736] [737]
[738] [739] [740] [741] [742] [743] [744] [745] [746] [747] [748] [749]
[750] [751] [752] [753] [754] [755] [756] [757]) [758] [759] [760] [761]
[762] [763] [764])<./tengtelc.ttf></usr/local/texlive/2025/texmf-dist/fonts/open
type/public/punknova/punknova-regular.otf></usr/local/texlive/2025/texmf-dist/fo
nts/opentype/public/garamond-math/Garamond-Math.otf></usr/local/texlive/2025/tex
mf-dist/fonts/opentype/public/ebgaramond/EBGaramond-Italic.otf></usr/local/texli
ve/2025/texmf-dist/fonts/opentype/public/ebgaramond/EBGaramond-Bold.otf></usr/lo
cal/texlive/2025/texmf-dist/fonts/opentype/public/ebgaramond/EBGaramond-Regular.
otf>
Output written on TV_main.pdf (786 pages, 960352 bytes).

PDF statistics: 2514 PDF objects out of 2984 (max. 8388607)
 1687 compressed objects within 17 object streams
 0 named destinations out of 1000 (max. 131072)
 1 words of extra memory for PDF output out of 10000 (max. 100000000)

