%% OpTeX <1.18 May 2025> - REF file
\Xrefversion{6}
\_Xpage{1}{1}
\_Xpage{2}{i}
\_Xpage{3}{ii}
\_Xpage{4}{iii}
\_Xpage{5}{iv}
\_Xpage{6}{v}
\_Xpage{7}{vi}
\_Xpage{8}{vii}
\_Xpage{9}{viii}
\_Xpage{10}{ix}
\_Xpage{11}{x}
\_Xpage{12}{xi}
\_Xpage{13}{xii}
\_Xpage{14}{xiii}
\_Xpage{15}{xiv}
\_Xpage{16}{xv}
\_Xpage{17}{xvi}
\_Xpage{18}{xvii}
\_Xpage{19}{xviii}
\_Xpage{20}{xix}
\_Xpage{21}{xx}
\_Xpage{22}{1}
\_Xtoc{1}{chap}{1}{}{The First Visibility}
\_Xpage{22}{1}
\_Xpage{23}{2}
\_Xtoc{2}{sec}{1.1}{}{[The Doorway / The Confession]}
\_Xpage{23}{2}
\_Xpage{24}{3}
\_Xpage{25}{4}
\_Xtoc{2}{sec}{1.2}{}{10 Beechwood Avenue}
\_Xpage{25}{4}
\_Xpage{26}{5}
\_Xpage{27}{6}
\_Xtoc{2}{sec}{1.3}{}{The Match Cut at Beechwood Avenue (or Moonwatcher's Defect)}
\_Xpage{27}{6}
\_Xpage{28}{7}
\_Xpage{29}{8}
\_Xtoc{2}{sec}{1.4}{}{From Cutty Sark for Maritime Greenwich...}
\_Xpage{29}{8}
\_Xpage{30}{9}
\_Xpage{31}{10}
\_Xtoc{2}{sec}{1.5}{}{...to Dalston Kingsland}
\_Xpage{31}{10}
\_Xpage{32}{11}
\_Xpage{33}{12}
\_Xtoc{2}{sec}{1.6}{}{Redacted Protocol in the Night}
\_Xpage{33}{12}
\_Xpage{34}{13}
\_Xpage{35}{14}
\_Xtoc{2}{sec}{1.7}{}{Optical Void in the Night}
\_Xpage{35}{14}
\_Xpage{36}{15}
\_Xpage{37}{16}
\_Xtoc{2}{sec}{1.8}{}{Optical Engine beyond Sight}
\_Xpage{37}{16}
\_Xpage{38}{17}
\_Xpage{39}{18}
\_Xtoc{2}{sec}{1.9}{}{Strange Lens from the Gaps}
\_Xpage{39}{18}
\_Xpage{40}{19}
\_Xpage{41}{20}
\_Xtoc{2}{sec}{1.10}{}{Echoing Mirror of the Unseen}
\_Xpage{41}{20}
\_Xpage{42}{21}
\_Xpage{43}{22}
\_Xtoc{2}{sec}{1.11}{}{Neutron Mirror at Oxford}
\_Xpage{43}{22}
\_Xpage{44}{23}
\_Xpage{45}{24}
\_Xtoc{2}{sec}{1.12}{}{Fragmented Resonance of the Mind}
\_Xpage{45}{24}
\_Xpage{46}{25}
\_Xpage{47}{26}
\_Xtoc{2}{sec}{1.13}{}{A Symmetry of Salford}
\_Xpage{47}{26}
\_Xpage{48}{27}
\_Xpage{49}{28}
\_Xtoc{2}{sec}{1.14}{}{Redacted Mirror against the Grain}
\_Xpage{49}{28}
\_Xpage{50}{29}
\_Xpage{51}{30}
\_Xtoc{2}{sec}{1.15}{}{Recursive Prism of the Mind}
\_Xpage{51}{30}
\_Xpage{52}{31}
\_Xpage{53}{32}
\_Xtoc{2}{sec}{1.16}{}{Optical Prism of the Mind}
\_Xpage{53}{32}
\_Xpage{54}{33}
\_Xpage{55}{34}
\_Xtoc{2}{sec}{1.17}{}{Imperial Engine under Pressure}
\_Xpage{55}{34}
\_Xpage{56}{35}
\_Xpage{57}{36}
\_Xtoc{2}{sec}{1.18}{}{Neutron Prism of Salford}
\_Xpage{57}{36}
\_Xpage{58}{37}
\_Xpage{59}{38}
\_Xtoc{2}{sec}{1.19}{}{Invisible Engine against the Grain}
\_Xpage{59}{38}
\_Xpage{60}{39}
\_Xpage{61}{40}
\_Xtoc{2}{sec}{1.20}{}{The Dossier of Salford}
\_Xpage{61}{40}
\_Xpage{62}{41}
\_Xpage{63}{42}
\_Xtoc{2}{sec}{1.21}{}{Redacted Paradox from the Gaps}
\_Xpage{63}{42}
\_Xpage{64}{43}
\_Xpage{65}{44}
\_Xtoc{2}{sec}{1.22}{}{Invisible Protocol in the Night}
\_Xpage{65}{44}
\_Xpage{66}{45}
\_Xpage{67}{46}
\_Xtoc{2}{sec}{1.23}{}{Visible Labyrinth from the Gaps}
\_Xpage{67}{46}
\_Xpage{68}{47}
\_Xpage{69}{48}
\_Xtoc{2}{sec}{1.24}{}{A Lens of Salford}
\_Xpage{69}{48}
\_Xpage{70}{49}
\_Xpage{71}{50}
\_Xtoc{2}{sec}{1.25}{}{Recursive Ambition between Levels}
\_Xpage{71}{50}
\_Xpage{72}{51}
\_Xpage{73}{52}
\_Xtoc{2}{sec}{1.26}{}{A Loop of the Unseen}
\_Xpage{73}{52}
\_Xpage{74}{53}
\_Xpage{75}{54}
\_Xtoc{2}{sec}{1.27}{}{Recursive Protocol of the Unseen}
\_Xpage{75}{54}
\_Xpage{76}{55}
\_Xpage{77}{56}
\_Xtoc{2}{sec}{1.28}{}{Echoing Scattering against the Grain}
\_Xpage{77}{56}
\_Xpage{78}{57}
\_Xpage{79}{58}
\_Xtoc{2}{sec}{1.29}{}{Nuclear Lens at Oxford}
\_Xpage{79}{58}
\_Xpage{80}{59}
\_Xpage{81}{60}
\_Xtoc{2}{sec}{1.30}{}{Logical Cipher from the Gaps}
\_Xpage{81}{60}
\_Xpage{82}{61}
\_Xpage{83}{62}
\_Xtoc{2}{sec}{1.31}{}{Visible Paradox of Salford}
\_Xpage{83}{62}
\_Xpage{84}{63}
\_Xpage{85}{64}
\_Xpage{86}{65}
\_Xtoc{1}{chap}{2}{}{The Leap of Logic}
\_Xpage{86}{65}
\_Xpage{87}{66}
\_Xtoc{2}{sec}{2.1}{}{Excerpts from the Notebooks of Solomon Short}
\_Xpage{87}{66}
\_Xpage{88}{67}
\_Xpage{89}{68}
\_Xtoc{2}{sec}{2.2}{}{More from the Notebooks of Solomon Short}
\_Xpage{89}{68}
\_Xpage{90}{69}
\_Xpage{91}{70}
\_Xtoc{2}{sec}{2.3}{}{Quantum Hierarchy in the Night}
\_Xpage{91}{70}
\_Xpage{92}{71}
\_Xpage{93}{72}
\_Xtoc{2}{sec}{2.4}{}{Nuclear Paradox against the Grain}
\_Xpage{93}{72}
\_Xpage{94}{73}
\_Xpage{95}{74}
\_Xtoc{2}{sec}{2.5}{}{A Dossier of the Mind}
\_Xpage{95}{74}
\_Xpage{96}{75}
\_Xpage{97}{76}
\_Xtoc{2}{sec}{2.6}{}{Fragmented Ledger at Oxford}
\_Xpage{97}{76}
\_Xpage{98}{77}
\_Xpage{99}{78}
\_Xtoc{2}{sec}{2.7}{}{Strange Cipher of Salford}
\_Xpage{99}{78}
\_Xpage{100}{79}
\_Xpage{101}{80}
\_Xtoc{2}{sec}{2.8}{}{Nuclear Resonance at Oxford}
\_Xpage{101}{80}
\_Xpage{102}{81}
\_Xpage{103}{82}
\_Xtoc{2}{sec}{2.9}{}{The Scattering of Power}
\_Xpage{103}{82}
\_Xpage{104}{83}
\_Xpage{105}{84}
\_Xtoc{2}{sec}{2.10}{}{Quantum Loop beyond Sight}
\_Xpage{105}{84}
\_Xpage{106}{85}
\_Xpage{107}{86}
\_Xtoc{2}{sec}{2.11}{}{Logical Reflection of Power}
\_Xpage{107}{86}
\_Xpage{108}{87}
\_Xpage{109}{88}
\_Xtoc{2}{sec}{2.12}{}{Echoing Resonance without End}
\_Xpage{109}{88}
\_Xpage{110}{89}
\_Xpage{111}{90}
\_Xtoc{2}{sec}{2.13}{}{Tangled Ledger between Levels}
\_Xpage{111}{90}
\_Xpage{112}{91}
\_Xpage{113}{92}
\_Xtoc{2}{sec}{2.14}{}{Strange Hierarchy of Power}
\_Xpage{113}{92}
\_Xpage{114}{93}
\_Xpage{115}{94}
\_Xtoc{2}{sec}{2.15}{}{Infinite Void without End}
\_Xpage{115}{94}
\_Xpage{116}{95}
\_Xpage{117}{96}
\_Xtoc{2}{sec}{2.16}{}{Neutron Prism from the Gaps}
\_Xpage{117}{96}
\_Xpage{118}{97}
\_Xpage{119}{98}
\_Xtoc{2}{sec}{2.17}{}{Tangled Cipher of Power}
\_Xpage{119}{98}
\_Xpage{120}{99}
\_Xpage{121}{100}
\_Xtoc{2}{sec}{2.18}{}{Shadowed Symmetry of the Soul}
\_Xpage{121}{100}
\_Xpage{122}{101}
\_Xpage{123}{102}
\_Xtoc{2}{sec}{2.19}{}{Ransom Note}
\_Xpage{123}{102}
\_Xpage{124}{103}
\_Xpage{125}{104}
\_Xtoc{2}{sec}{2.20}{}{Binary Scattering for Extra Freshness}
\_Xpage{125}{104}
\_Xpage{126}{105}
\_Xpage{127}{106}
\_Xtoc{2}{sec}{2.21}{}{Echoing Reflection without End}
\_Xpage{127}{106}
\_Xpage{128}{107}
\_Xpage{129}{108}
\_Xtoc{2}{sec}{2.22}{}{Invisible Protocol against the Grain}
\_Xpage{129}{108}
\_Xpage{130}{109}
\_Xpage{131}{110}
\_Xtoc{2}{sec}{2.23}{}{Visible Lens of Power}
\_Xpage{131}{110}
\_Xpage{132}{111}
\_Xpage{133}{112}
\_Xtoc{2}{sec}{2.24}{}{Strange Ambition of the Soul}
\_Xpage{133}{112}
\_Xpage{134}{113}
\_Xpage{135}{114}
\_Xtoc{2}{sec}{2.25}{}{Nuclear Cipher beyond Sight}
\_Xpage{135}{114}
\_Xpage{136}{115}
\_Xpage{137}{116}
\_Xtoc{2}{sec}{2.26}{}{Visible Void against the Grain}
\_Xpage{137}{116}
\_Xpage{138}{117}
\_Xpage{139}{118}
\_Xtoc{2}{sec}{2.27}{}{Infinite Cipher from the Gaps}
\_Xpage{139}{118}
\_Xpage{140}{119}
\_Xpage{141}{120}
\_Xtoc{2}{sec}{2.28}{}{Strange Prism between Levels}
\_Xpage{141}{120}
\_Xpage{142}{121}
\_Xpage{143}{122}
\_Xtoc{2}{sec}{2.29}{}{Recursion; see under Recursion}
\_Xpage{143}{122}
\_Xpage{144}{123}
\_Xpage{145}{124}
\_Xpage{146}{125}
\_Xtoc{1}{chap}{3}{}{The Invisible Winds}
\_Xpage{146}{125}
\_Xpage{147}{126}
\_Xtoc{2}{sec}{3.1}{}{Optical Paradox in London}
\_Xpage{147}{126}
\_Xpage{148}{127}
\_Xpage{149}{128}
\_Xtoc{2}{sec}{3.2}{}{Now with Added PKD}
\_Xpage{149}{128}
\_Xpage{150}{129}
\_Xpage{151}{130}
\_Xtoc{2}{sec}{3.3}{}{Fragmented Labyrinth under Pressure}
\_Xpage{151}{130}
\_Xpage{152}{131}
\_Xpage{153}{132}
\_Xtoc{2}{sec}{3.4}{}{Quantum Protocol in the Night}
\_Xpage{153}{132}
\_Xpage{154}{133}
\_Xpage{155}{134}
\_Xtoc{2}{sec}{3.5}{}{Logical Cipher of Power}
\_Xpage{155}{134}
\_Xpage{156}{135}
\_Xpage{157}{136}
\_Xtoc{2}{sec}{3.6}{}{Imperial Prism from the Gaps}
\_Xpage{157}{136}
\_Xpage{158}{137}
\_Xpage{159}{138}
\_Xtoc{2}{sec}{3.7}{}{Imperial Labyrinth against the Grain}
\_Xpage{159}{138}
\_Xpage{160}{139}
\_Xpage{161}{140}
\_Xtoc{2}{sec}{3.8}{}{Tangled Hierarchy in the Night}
\_Xpage{161}{140}
\_Xpage{162}{141}
\_Xpage{163}{142}
\_Xtoc{2}{sec}{3.9}{}{Redacted Tesseract under Pressure}
\_Xpage{163}{142}
\_Xpage{164}{143}
\_Xpage{165}{144}
\_Xtoc{2}{sec}{3.10}{}{Recursive Ghost of the Unseen}
\_Xpage{165}{144}
\_Xpage{166}{145}
\_Xpage{167}{146}
\_Xtoc{2}{sec}{3.11}{}{Quantum Mirror in the Night}
\_Xpage{167}{146}
\_Xpage{168}{147}
\_Xpage{169}{148}
\_Xtoc{2}{sec}{3.12}{}{Quantum Symmetry in the Night}
\_Xpage{169}{148}
\_Xpage{170}{149}
\_Xpage{171}{150}
\_Xtoc{2}{sec}{3.13}{}{Invisible Hierarchy beyond Sight}
\_Xpage{171}{150}
\_Xpage{172}{151}
\_Xpage{173}{152}
\_Xtoc{2}{sec}{3.14}{}{Quantum Labyrinth against the Grain}
\_Xpage{173}{152}
\_Xpage{174}{153}
\_Xpage{175}{154}
\_Xtoc{2}{sec}{3.15}{}{Traitor}
\_Xpage{175}{154}
\_Xpage{176}{155}
\_Xpage{177}{156}
\_Xtoc{2}{sec}{3.16}{}{Strange Protocol between Levels}
\_Xpage{177}{156}
\_Xpage{178}{157}
\_Xpage{179}{158}
\_Xtoc{2}{sec}{3.17}{}{Invisible Dossier beyond Sight}
\_Xpage{179}{158}
\_Xpage{180}{159}
\_Xpage{181}{160}
\_Xtoc{2}{sec}{3.18}{}{Visible Protocol in the Night}
\_Xpage{181}{160}
\_Xpage{182}{161}
\_Xpage{183}{162}
\_Xtoc{2}{sec}{3.19}{}{Optical Dossier under Pressure}
\_Xpage{183}{162}
\_Xpage{184}{163}
\_Xpage{185}{164}
\_Xtoc{2}{sec}{3.20}{}{Binary Paradox between Levels}
\_Xpage{185}{164}
\_Xpage{186}{165}
\_Xpage{187}{166}
\_Xtoc{2}{sec}{3.21}{}{A Cipher in the Night}
\_Xpage{187}{166}
\_Xpage{188}{167}
\_Xpage{189}{168}
\_Xtoc{2}{sec}{3.22}{}{Fragmented Loop of the Soul}
\_Xpage{189}{168}
\_Xpage{190}{169}
\_Xpage{191}{170}
\_Xtoc{2}{sec}{3.23}{}{Recursive Dossier at Oxford}
\_Xpage{191}{170}
\_Xpage{192}{171}
\_Xpage{193}{172}
\_Xtoc{2}{sec}{3.24}{}{Tangled Protocol against the Grain}
\_Xpage{193}{172}
\_Xpage{194}{173}
\_Xpage{195}{174}
\_Xtoc{2}{sec}{3.25}{}{Recursive Reflection between Levels}
\_Xpage{195}{174}
\_Xpage{196}{175}
\_Xpage{197}{176}
\_Xtoc{2}{sec}{3.26}{}{Logical Symmetry against the Grain}
\_Xpage{197}{176}
\_Xpage{198}{177}
\_Xpage{199}{178}
\_Xtoc{2}{sec}{3.27}{}{Tangled Ghost of Power}
\_Xpage{199}{178}
\_Xpage{200}{179}
\_Xpage{201}{180}
\_Xtoc{2}{sec}{3.28}{}{Imperial Labyrinth from the Gaps}
\_Xpage{201}{180}
\_Xpage{202}{181}
\_Xpage{203}{182}
\_Xtoc{2}{sec}{3.29}{}{Hidden Loop in London}
\_Xpage{203}{182}
\_Xpage{204}{183}
\_Xpage{205}{184}
\_Xtoc{2}{sec}{3.30}{}{Strange Tesseract of Salford}
\_Xpage{205}{184}
\_Xpage{206}{185}
\_Xpage{207}{186}
\_Xtoc{2}{sec}{3.31}{}{Invisible Protocol of the Soul}
\_Xpage{207}{186}
\_Xpage{208}{187}
\_Xpage{209}{188}
\_Xpage{210}{189}
\_Xtoc{1}{chap}{4}{}{The Data Wash}
\_Xpage{210}{189}
\_Xpage{211}{190}
\_Xtoc{2}{sec}{4.1}{}{Quantum Hierarchy without End}
\_Xpage{211}{190}
\_Xpage{212}{191}
\_Xpage{213}{192}
\_Xtoc{2}{sec}{4.2}{}{Strange Protocol from the Gaps}
\_Xpage{213}{192}
\_Xpage{214}{193}
\_Xpage{215}{194}
\_Xtoc{2}{sec}{4.3}{}{Visible Ledger of Salford}
\_Xpage{215}{194}
\_Xpage{216}{195}
\_Xpage{217}{196}
\_Xtoc{2}{sec}{4.4}{}{Neutron Cipher beyond Sight}
\_Xpage{217}{196}
\_Xpage{218}{197}
\_Xpage{219}{198}
\_Xtoc{2}{sec}{4.5}{}{Infinite Void at Oxford}
\_Xpage{219}{198}
\_Xpage{220}{199}
\_Xpage{221}{200}
\_Xtoc{2}{sec}{4.6}{}{Invisible Protocol of Power}
\_Xpage{221}{200}
\_Xpage{222}{201}
\_Xpage{223}{202}
\_Xtoc{2}{sec}{4.7}{}{Hidden Labyrinth of the Soul}
\_Xpage{223}{202}
\_Xpage{224}{203}
\_Xpage{225}{204}
\_Xtoc{2}{sec}{4.8}{}{Shadowed Resonance of Power}
\_Xpage{225}{204}
\_Xpage{226}{205}
\_Xpage{227}{206}
\_Xtoc{2}{sec}{4.9}{}{Shadowed Symmetry in London}
\_Xpage{227}{206}
\_Xpage{228}{207}
\_Xpage{229}{208}
\_Xtoc{2}{sec}{4.10}{}{Quantum Loop of the Soul}
\_Xpage{229}{208}
\_Xpage{230}{209}
\_Xpage{231}{210}
\_Xtoc{2}{sec}{4.11}{}{Redacted Ledger against the Grain}
\_Xpage{231}{210}
\_Xpage{232}{211}
\_Xpage{233}{212}
\_Xtoc{2}{sec}{4.12}{}{Invisible Ghost of the Soul}
\_Xpage{233}{212}
\_Xpage{234}{213}
\_Xpage{235}{214}
\_Xtoc{2}{sec}{4.13}{}{Strange Void of the Unseen}
\_Xpage{235}{214}
\_Xpage{236}{215}
\_Xpage{237}{216}
\_Xtoc{2}{sec}{4.14}{}{Fragmented Mirror of the Unseen}
\_Xpage{237}{216}
\_Xpage{238}{217}
\_Xpage{239}{218}
\_Xtoc{2}{sec}{4.15}{}{Infinite Lens against the Grain}
\_Xpage{239}{218}
\_Xpage{240}{219}
\_Xpage{241}{220}
\_Xtoc{2}{sec}{4.16}{}{Lucky Him}
\_Xpage{241}{220}
\_Xpage{242}{221}
\_Xpage{243}{222}
\_Xtoc{2}{sec}{4.17}{}{Hidden Protocol without End}
\_Xpage{243}{222}
\_Xpage{244}{223}
\_Xpage{245}{224}
\_Xtoc{2}{sec}{4.18}{}{Redacted Mirror of the Soul}
\_Xpage{245}{224}
\_Xpage{246}{225}
\_Xpage{247}{226}
\_Xtoc{2}{sec}{4.19}{}{Logical Paradox of the Mind}
\_Xpage{247}{226}
\_Xpage{248}{227}
\_Xpage{249}{228}
\_Xtoc{2}{sec}{4.20}{}{Strange Ambition of the Mind}
\_Xpage{249}{228}
\_Xpage{250}{229}
\_Xpage{251}{230}
\_Xtoc{2}{sec}{4.21}{}{Quantum Loop from the Gaps}
\_Xpage{251}{230}
\_Xpage{252}{231}
\_Xpage{253}{232}
\_Xtoc{2}{sec}{4.22}{}{Logical Symmetry from the Gaps}
\_Xpage{253}{232}
\_Xpage{254}{233}
\_Xpage{255}{234}
\_Xtoc{2}{sec}{4.23}{}{The Vasty Deep}
\_Xpage{255}{234}
\_Xpage{256}{235}
\_Xpage{257}{236}
\_Xtoc{2}{sec}{4.24}{}{Neutron Mirror in the Night}
\_Xpage{257}{236}
\_Xpage{258}{237}
\_Xpage{259}{238}
\_Xtoc{2}{sec}{4.25}{}{The Dossier beyond Sight}
\_Xpage{259}{238}
\_Xpage{260}{239}
\_Xpage{261}{240}
\_Xtoc{2}{sec}{4.26}{}{Redacted Engine at Oxford}
\_Xpage{261}{240}
\_Xpage{262}{241}
\_Xpage{263}{242}
\_Xtoc{2}{sec}{4.27}{}{Visible Paradox of Power}
\_Xpage{263}{242}
\_Xpage{264}{243}
\_Xpage{265}{244}
\_Xtoc{2}{sec}{4.28}{}{Hidden Reflection against the Grain}
\_Xpage{265}{244}
\_Xpage{266}{245}
\_Xpage{267}{246}
\_Xtoc{2}{sec}{4.29}{}{At the Corner of Terry and Thomas}
\_Xpage{267}{246}
\_Xpage{268}{247}
\_Xpage{269}{248}
\_Xtoc{2}{sec}{4.30}{}{Binary Lens from the Gaps}
\_Xpage{269}{248}
\_Xpage{270}{249}
\_Xpage{271}{250}
\_Xpage{272}{251}
\_Xtoc{1}{chap}{5}{}{The Hidden Roots}
\_Xpage{272}{251}
\_Xpage{273}{252}
\_Xtoc{2}{sec}{5.1}{}{Information-Rich Pnk Light}
\_Xpage{273}{252}
\_Xpage{274}{253}
\_Xpage{275}{254}
\_Xtoc{2}{sec}{5.2}{}{Rough Magic}
\_Xpage{275}{254}
\_Xpage{276}{255}
\_Xpage{277}{256}
\_Xtoc{2}{sec}{5.3}{}{Redacted Hierarchy without End}
\_Xpage{277}{256}
\_Xpage{278}{257}
\_Xpage{279}{258}
\_Xtoc{2}{sec}{5.4}{}{Strange Tesseract beyond Sight}
\_Xpage{279}{258}
\_Xpage{280}{259}
\_Xpage{281}{260}
\_Xtoc{2}{sec}{5.5}{}{Recursive Ambition under Pressure}
\_Xpage{281}{260}
\_Xpage{282}{261}
\_Xpage{283}{262}
\_Xtoc{2}{sec}{5.6}{}{Our Land}
\_Xpage{283}{262}
\_Xpage{284}{263}
\_Xpage{285}{264}
\_Xtoc{2}{sec}{5.7}{}{Redacted Labyrinth under Pressure}
\_Xpage{285}{264}
\_Xpage{286}{265}
\_Xpage{287}{266}
\_Xtoc{2}{sec}{5.8}{}{Tangled Ledger from the Gaps}
\_Xpage{287}{266}
\_Xpage{288}{267}
\_Xpage{289}{268}
\_Xtoc{2}{sec}{5.9}{}{Strange Cipher from the Gaps}
\_Xpage{289}{268}
\_Xpage{290}{269}
\_Xpage{291}{270}
\_Xtoc{2}{sec}{5.10}{}{The Labyrinth between Levels}
\_Xpage{291}{270}
\_Xpage{292}{271}
\_Xpage{293}{272}
\_Xtoc{2}{sec}{5.11}{}{Recursive Cipher at Oxford}
\_Xpage{293}{272}
\_Xpage{294}{273}
\_Xpage{295}{274}
\_Xtoc{2}{sec}{5.12}{}{Infinite Ambition in the Night}
\_Xpage{295}{274}
\_Xpage{296}{275}
\_Xpage{297}{276}
\_Xtoc{2}{sec}{5.13}{}{Tangled Ledger of the Soul}
\_Xpage{297}{276}
\_Xpage{298}{277}
\_Xpage{299}{278}
\_Xtoc{2}{sec}{5.14}{}{Visible Prism of the Unseen}
\_Xpage{299}{278}
\_Xpage{300}{279}
\_Xpage{301}{280}
\_Xtoc{2}{sec}{5.15}{}{Strange Void against the Grain}
\_Xpage{301}{280}
\_Xpage{302}{281}
\_Xpage{303}{282}
\_Xtoc{2}{sec}{5.16}{}{Echoing Engine of Power}
\_Xpage{303}{282}
\_Xpage{304}{283}
\_Xpage{305}{284}
\_Xtoc{2}{sec}{5.17}{}{Strange Protocol in the Night}
\_Xpage{305}{284}
\_Xpage{306}{285}
\_Xpage{307}{286}
\_Xtoc{2}{sec}{5.18}{}{Visible Hierarchy at Oxford}
\_Xpage{307}{286}
\_Xpage{308}{287}
\_Xpage{309}{288}
\_Xtoc{2}{sec}{5.19}{}{Hidden Ghost of Power}
\_Xpage{309}{288}
\_Xpage{310}{289}
\_Xpage{311}{290}
\_Xtoc{2}{sec}{5.20}{}{Hidden Lens in the Night}
\_Xpage{311}{290}
\_Xpage{312}{291}
\_Xpage{313}{292}
\_Xtoc{2}{sec}{5.21}{}{Invisible Reflection of the Soul}
\_Xpage{313}{292}
\_Xpage{314}{293}
\_Xpage{315}{294}
\_Xtoc{2}{sec}{5.22}{}{Tangled Ghost of Salford}
\_Xpage{315}{294}
\_Xpage{316}{295}
\_Xpage{317}{296}
\_Xtoc{2}{sec}{5.23}{}{Redacted Resonance of the Mind}
\_Xpage{317}{296}
\_Xpage{318}{297}
\_Xpage{319}{298}
\_Xtoc{2}{sec}{5.24}{}{Optical Hierarchy under Pressure}
\_Xpage{319}{298}
\_Xpage{320}{299}
\_Xpage{321}{300}
\_Xtoc{2}{sec}{5.25}{}{Invisible Engine from the Gaps}
\_Xpage{321}{300}
\_Xpage{322}{301}
\_Xpage{323}{302}
\_Xtoc{2}{sec}{5.26}{}{Logical Loop of the Mind}
\_Xpage{323}{302}
\_Xpage{324}{303}
\_Xpage{325}{304}
\_Xtoc{2}{sec}{5.27}{}{Strange Lens of the Soul}
\_Xpage{325}{304}
\_Xpage{326}{305}
\_Xpage{327}{306}
\_Xtoc{2}{sec}{5.28}{}{Grandfather of Assassins}
\_Xpage{327}{306}
\_Xpage{328}{307}
\_Xpage{329}{308}
\_Xtoc{2}{sec}{5.29}{}{Jonbar Junction}
\_Xpage{329}{308}
\_Xpage{330}{309}
\_Xpage{331}{310}
\_Xtoc{2}{sec}{5.30}{}{Tangled Engine in London}
\_Xpage{331}{310}
\_Xpage{332}{311}
\_Xpage{333}{312}
\_Xtoc{2}{sec}{5.31}{}{Strange Ghost without End}
\_Xpage{333}{312}
\_Xpage{334}{313}
\_Xpage{335}{314}
\_Xpage{336}{315}
\_Xtoc{1}{chap}{6}{}{The Shortest Shadow}
\_Xpage{336}{315}
\_Xpage{337}{316}
\_Xtoc{2}{sec}{6.1}{}{Nuclear Mirror of Power}
\_Xpage{337}{316}
\_Xpage{338}{317}
\_Xpage{339}{318}
\_Xtoc{2}{sec}{6.2}{}{Hidden Cipher under Pressure}
\_Xpage{339}{318}
\_Xpage{340}{319}
\_Xpage{341}{320}
\_Xtoc{2}{sec}{6.3}{}{A Plain, Unvarnished Preston Man}
\_Xpage{341}{320}
\_Xpage{342}{321}
\_Xpage{343}{322}
\_Xtoc{2}{sec}{6.4}{}{Logical Prism against the Grain}
\_Xpage{343}{322}
\_Xpage{344}{323}
\_Xpage{345}{324}
\_Xtoc{2}{sec}{6.5}{}{Quantum Resonance in the Night}
\_Xpage{345}{324}
\_Xpage{346}{325}
\_Xpage{347}{326}
\_Xtoc{2}{sec}{6.6}{}{Recursive Resonance of the Unseen}
\_Xpage{347}{326}
\_Xpage{348}{327}
\_Xpage{349}{328}
\_Xtoc{2}{sec}{6.7}{}{Recursive Ambition of the Unseen}
\_Xpage{349}{328}
\_Xpage{350}{329}
\_Xpage{351}{330}
\_Xtoc{2}{sec}{6.8}{}{Lake Disappointment}
\_Xpage{351}{330}
\_Xpage{352}{331}
\_Xpage{353}{332}
\_Xtoc{2}{sec}{6.9}{}{Invisible Resonance of the Mind}
\_Xpage{353}{332}
\_Xpage{354}{333}
\_Xpage{355}{334}
\_Xtoc{2}{sec}{6.10}{}{Logical Lens against the Grain}
\_Xpage{355}{334}
\_Xpage{356}{335}
\_Xpage{357}{336}
\_Xtoc{2}{sec}{6.11}{}{Logical Protocol of Power}
\_Xpage{357}{336}
\_Xpage{358}{337}
\_Xpage{359}{338}
\_Xtoc{2}{sec}{6.12}{}{Logical Prism of Power}
\_Xpage{359}{338}
\_Xpage{360}{339}
\_Xpage{361}{340}
\_Xtoc{2}{sec}{6.13}{}{Logical Ambition between Levels}
\_Xpage{361}{340}
\_Xpage{362}{341}
\_Xpage{363}{342}
\_Xtoc{2}{sec}{6.14}{}{Shadowed Labyrinth from the Gaps}
\_Xpage{363}{342}
\_Xpage{364}{343}
\_Xpage{365}{344}
\_Xtoc{2}{sec}{6.15}{}{Vile Jelly}
\_Xpage{365}{344}
\_Xpage{366}{345}
\_Xpage{367}{346}
\_Xtoc{2}{sec}{6.16}{}{Infinite Tesseract from the Gaps}
\_Xpage{367}{346}
\_Xpage{368}{347}
\_Xpage{369}{348}
\_Xtoc{2}{sec}{6.17}{}{Invisible Void under Pressure}
\_Xpage{369}{348}
\_Xpage{370}{349}
\_Xpage{371}{350}
\_Xtoc{2}{sec}{6.18}{}{Recursive Engine of Power}
\_Xpage{371}{350}
\_Xpage{372}{351}
\_Xpage{373}{352}
\_Xtoc{2}{sec}{6.19}{}{Imperial Tesseract of Power}
\_Xpage{373}{352}
\_Xpage{374}{353}
\_Xpage{375}{354}
\_Xtoc{2}{sec}{6.20}{}{Echoing Labyrinth from the Gaps}
\_Xpage{375}{354}
\_Xpage{376}{355}
\_Xpage{377}{356}
\_Xtoc{2}{sec}{6.21}{}{Redacted Mirror between Levels}
\_Xpage{377}{356}
\_Xpage{378}{357}
\_Xpage{379}{358}
\_Xtoc{2}{sec}{6.22}{}{Imperial Hierarchy of Power}
\_Xpage{379}{358}
\_Xpage{380}{359}
\_Xpage{381}{360}
\_Xtoc{2}{sec}{6.23}{}{Logical Scattering between Levels}
\_Xpage{381}{360}
\_Xpage{382}{361}
\_Xpage{383}{362}
\_Xtoc{2}{sec}{6.24}{}{The Moon Walk to the Tree}
\_Xpage{383}{362}
\_Xpage{384}{363}
\_Xpage{385}{364}
\_Xtoc{2}{sec}{6.25}{}{Strange Loop in the Night}
\_Xpage{385}{364}
\_Xpage{386}{365}
\_Xpage{387}{366}
\_Xtoc{2}{sec}{6.26}{}{Invisible Reflection at Oxford}
\_Xpage{387}{366}
\_Xpage{388}{367}
\_Xpage{389}{368}
\_Xtoc{2}{sec}{6.27}{}{Visible Ghost against the Grain}
\_Xpage{389}{368}
\_Xpage{390}{369}
\_Xpage{391}{370}
\_Xtoc{2}{sec}{6.28}{}{Optical Ledger under Pressure}
\_Xpage{391}{370}
\_Xpage{392}{371}
\_Xpage{393}{372}
\_Xtoc{2}{sec}{6.29}{}{Redacted Ledger beyond Sight}
\_Xpage{393}{372}
\_Xpage{394}{373}
\_Xpage{395}{374}
\_Xtoc{2}{sec}{6.30}{}{Έτσι κ' έτσι}
\_Xpage{395}{374}
\_Xpage{396}{375}
\_Xpage{397}{376}
\_Xtoc{2}{sec}{6.31}{}{It Doesn't Look Like Anywhere}
\_Xpage{397}{378}
\_Xpage{398}{379}
\_Xtoc{1}{chap}{7}{}{The Heat Mirage}
\_Xpage{398}{379}
\_Xpage{399}{380}
\_Xtoc{2}{sec}{7.1}{}{The Flickering of a Shadow}
\_Xpage{399}{380}
\_Xpage{400}{381}
\_Xpage{401}{382}
\_Xtoc{2}{sec}{7.2}{}{Peas'n'Pots}
\_Xpage{401}{382}
\_Xpage{402}{383}
\_Xpage{403}{384}
\_Xtoc{2}{sec}{7.3}{}{Optical Ambition in the Night}
\_Xpage{403}{384}
\_Xpage{404}{385}
\_Xpage{405}{386}
\_Xtoc{2}{sec}{7.4}{}{Redacted Paradox in London}
\_Xpage{405}{386}
\_Xpage{406}{387}
\_Xpage{407}{388}
\_Xtoc{2}{sec}{7.5}{}{Invisible Void of the Soul}
\_Xpage{407}{388}
\_Xpage{408}{389}
\_Xpage{409}{390}
\_Xtoc{2}{sec}{7.6}{}{Nuclear Scattering beyond Sight}
\_Xpage{409}{390}
\_Xpage{410}{391}
\_Xpage{411}{392}
\_Xtoc{2}{sec}{7.7}{}{Neutron Prism of the Unseen}
\_Xpage{411}{392}
\_Xpage{412}{393}
\_Xpage{413}{394}
\_Xtoc{2}{sec}{7.8}{}{Shadowed Ghost of the Soul}
\_Xpage{413}{394}
\_Xpage{414}{395}
\_Xpage{415}{396}
\_Xtoc{2}{sec}{7.9}{}{Quantum Ledger of the Soul}
\_Xpage{415}{396}
\_Xpage{416}{397}
\_Xpage{417}{398}
\_Xtoc{2}{sec}{7.10}{}{Tangled Resonance of Power}
\_Xpage{417}{398}
\_Xpage{418}{399}
\_Xpage{419}{400}
\_Xtoc{2}{sec}{7.11}{}{Logical Loop beyond Sight}
\_Xpage{419}{400}
\_Xpage{420}{401}
\_Xpage{421}{402}
\_Xtoc{2}{sec}{7.12}{}{Sunny Burger}
\_Xpage{421}{402}
\_Xpage{422}{403}
\_Xpage{423}{404}
\_Xtoc{2}{sec}{7.13}{}{Nuclear Ghost under Pressure}
\_Xpage{423}{404}
\_Xpage{424}{405}
\_Xpage{425}{406}
\_Xtoc{2}{sec}{7.14}{}{Infinite Reflection of the Soul}
\_Xpage{425}{406}
\_Xpage{426}{407}
\_Xpage{427}{408}
\_Xtoc{2}{sec}{7.15}{}{Nuclear Dossier without End}
\_Xpage{427}{408}
\_Xpage{428}{409}
\_Xpage{429}{410}
\_Xtoc{2}{sec}{7.16}{}{Nuclear Tesseract in the Night}
\_Xpage{429}{410}
\_Xpage{430}{411}
\_Xpage{431}{412}
\_Xtoc{2}{sec}{7.17}{}{Binary Lens of Power}
\_Xpage{431}{412}
\_Xpage{432}{413}
\_Xpage{433}{414}
\_Xtoc{2}{sec}{7.18}{}{The Dossier at Oxford}
\_Xpage{433}{414}
\_Xpage{434}{415}
\_Xpage{435}{416}
\_Xtoc{2}{sec}{7.19}{}{Visible Dossier of Salford}
\_Xpage{435}{416}
\_Xpage{436}{417}
\_Xpage{437}{418}
\_Xtoc{2}{sec}{7.20}{}{A Prism of the Mind}
\_Xpage{437}{418}
\_Xpage{438}{419}
\_Xpage{439}{420}
\_Xtoc{2}{sec}{7.21}{}{Imperial Loop of the Mind}
\_Xpage{439}{420}
\_Xpage{440}{421}
\_Xpage{441}{422}
\_Xtoc{2}{sec}{7.22}{}{Strange Symmetry of the Mind}
\_Xpage{441}{422}
\_Xpage{442}{423}
\_Xpage{443}{424}
\_Xtoc{2}{sec}{7.23}{}{A Prism of Power}
\_Xpage{443}{424}
\_Xpage{444}{425}
\_Xpage{445}{426}
\_Xtoc{2}{sec}{7.24}{}{Hidden Ambition in London}
\_Xpage{445}{426}
\_Xpage{446}{427}
\_Xpage{447}{428}
\_Xtoc{2}{sec}{7.25}{}{Shadowed Protocol in the Night}
\_Xpage{447}{428}
\_Xpage{448}{429}
\_Xpage{449}{430}
\_Xtoc{2}{sec}{7.26}{}{Neutron Paradox between Levels}
\_Xpage{449}{430}
\_Xpage{450}{431}
\_Xpage{451}{432}
\_Xtoc{2}{sec}{7.27}{}{Hidden Prism between Levels}
\_Xpage{451}{432}
\_Xpage{452}{433}
\_Xpage{453}{434}
\_Xtoc{2}{sec}{7.28}{}{Fragmented Scattering of Power}
\_Xpage{453}{434}
\_Xpage{454}{435}
\_Xpage{455}{436}
\_Xtoc{2}{sec}{7.29}{}{SPAM® Day at the SPAM® Museum}
\_Xpage{455}{436}
\_Xpage{456}{437}
\_Xpage{457}{438}
\_Xtoc{2}{sec}{7.30}{}{Binary Ambition without End}
\_Xpage{457}{438}
\_Xpage{458}{439}
\_Xpage{459}{440}
\_Xtoc{2}{sec}{7.31}{}{Neutron Loop of the Mind}
\_Xpage{459}{440}
\_Xpage{460}{441}
\_Xpage{461}{442}
\_Xpage{462}{443}
\_Xtoc{1}{chap}{8}{}{The Strange Harvest}
\_Xpage{462}{443}
\_Xpage{463}{444}
\_Xtoc{2}{sec}{8.1}{}{Visible Void in the Night}
\_Xpage{463}{444}
\_Xpage{464}{445}
\_Xpage{465}{446}
\_Xtoc{2}{sec}{8.2}{}{Echoing Ambition of Salford}
\_Xpage{465}{446}
\_Xpage{466}{447}
\_Xpage{467}{448}
\_Xtoc{2}{sec}{8.3}{}{Imperial Cipher without End}
\_Xpage{467}{448}
\_Xpage{468}{449}
\_Xpage{469}{450}
\_Xtoc{2}{sec}{8.4}{}{Shadowed Cipher in the Night}
\_Xpage{469}{450}
\_Xpage{470}{451}
\_Xpage{471}{452}
\_Xtoc{2}{sec}{8.5}{}{Echoing Lens under Pressure}
\_Xpage{471}{452}
\_Xpage{472}{453}
\_Xpage{473}{454}
\_Xtoc{2}{sec}{8.6}{}{Visible Symmetry in the Night}
\_Xpage{473}{454}
\_Xpage{474}{455}
\_Xpage{475}{456}
\_Xtoc{2}{sec}{8.7}{}{Hidden Reflection under Pressure}
\_Xpage{475}{456}
\_Xpage{476}{457}
\_Xpage{477}{458}
\_Xtoc{2}{sec}{8.8}{}{The Labyrinth of Salford}
\_Xpage{477}{458}
\_Xpage{478}{459}
\_Xpage{479}{460}
\_Xtoc{2}{sec}{8.9}{}{Tangled Tesseract of Salford}
\_Xpage{479}{460}
\_Xpage{480}{461}
\_Xpage{481}{Michael}
\_Xtoc{2}{sec}{8.10}{}{The Inhumanoids}
\_Xpage{481}{462}
\_Xpage{482}{463}
\_Xpage{483}{464}
\_Xtoc{2}{sec}{8.11}{}{Shadowed Reflection of the Soul}
\_Xpage{483}{464}
\_Xpage{484}{465}
\_Xpage{485}{466}
\_Xtoc{2}{sec}{8.12}{}{Invisible Ledger between Levels}
\_Xpage{485}{466}
\_Xpage{486}{467}
\_Xpage{487}{468}
\_Xtoc{2}{sec}{8.13}{}{Recursive Ambition against the Grain}
\_Xpage{487}{468}
\_Xpage{488}{469}
\_Xpage{489}{470}
\_Xtoc{2}{sec}{8.14}{}{Hidden Cipher of the Soul}
\_Xpage{489}{470}
\_Xpage{490}{471}
\_Xpage{491}{472}
\_Xtoc{2}{sec}{8.15}{}{Nuclear Hierarchy without End}
\_Xpage{491}{472}
\_Xpage{492}{473}
\_Xpage{493}{474}
\_Xtoc{2}{sec}{8.16}{}{A Engine from the Gaps}
\_Xpage{493}{474}
\_Xpage{494}{475}
\_Xpage{495}{476}
\_Xtoc{2}{sec}{8.17}{}{Quantum Loop in London}
\_Xpage{495}{476}
\_Xpage{496}{477}
\_Xpage{497}{478}
\_Xtoc{2}{sec}{8.18}{}{Strange Hierarchy between Levels}
\_Xpage{497}{478}
\_Xpage{498}{479}
\_Xpage{499}{480}
\_Xtoc{2}{sec}{8.19}{}{Shadowed Labyrinth under Pressure}
\_Xpage{499}{480}
\_Xpage{500}{481}
\_Xpage{501}{482}
\_Xtoc{2}{sec}{8.20}{}{Binary Void without End}
\_Xpage{501}{482}
\_Xpage{502}{483}
\_Xpage{503}{484}
\_Xtoc{2}{sec}{8.21}{}{The Local Monolith}
\_Xpage{503}{484}
\_Xpage{504}{485}
\_Xpage{505}{486}
\_Xtoc{2}{sec}{8.22}{}{Logical Cipher in London}
\_Xpage{505}{486}
\_Xpage{506}{487}
\_Xpage{507}{488}
\_Xtoc{2}{sec}{8.23}{}{Optical Engine between Levels}
\_Xpage{507}{488}
\_Xpage{508}{489}
\_Xpage{509}{490}
\_Xtoc{2}{sec}{8.24}{}{Strange Paradox of the Soul}
\_Xpage{509}{490}
\_Xpage{510}{491}
\_Xpage{511}{492}
\_Xtoc{2}{sec}{8.25}{}{The Labyrinth of the Unseen}
\_Xpage{511}{492}
\_Xpage{512}{493}
\_Xpage{513}{494}
\_Xtoc{2}{sec}{8.26}{}{The Ledger against the Grain}
\_Xpage{513}{494}
\_Xpage{514}{495}
\_Xpage{515}{496}
\_Xtoc{2}{sec}{8.27}{}{A Cipher between Levels}
\_Xpage{515}{496}
\_Xpage{516}{497}
\_Xpage{517}{498}
\_Xtoc{2}{sec}{8.28}{}{Shadowed Dossier beyond Sight}
\_Xpage{517}{498}
\_Xpage{518}{499}
\_Xpage{519}{500}
\_Xtoc{2}{sec}{8.29}{}{Fragmented Ghost of Power}
\_Xpage{519}{500}
\_Xpage{520}{501}
\_Xpage{521}{502}
\_Xtoc{2}{sec}{8.30}{}{Infinite Cipher of Salford}
\_Xpage{521}{502}
\_Xpage{522}{503}
\_Xpage{523}{504}
\_Xtoc{2}{sec}{8.31}{}{The End of August at the Hotel Ozone}
\_Xpage{523}{504}
\_Xpage{524}{505}
\_Xpage{525}{506}
\_Xpage{526}{507}
\_Xtoc{1}{chap}{9}{}{The Mental Equinox}
\_Xpage{526}{507}
\_Xpage{527}{508}
\_Xtoc{2}{sec}{9.1}{}{Invisible Tesseract between Levels}
\_Xpage{527}{508}
\_Xpage{528}{509}
\_Xpage{529}{510}
\_Xtoc{2}{sec}{9.2}{}{The Owl in Daylight}
\_Xpage{529}{510}
\_Xpage{530}{511}
\_Xpage{531}{512}
\_Xtoc{2}{sec}{9.3}{}{Logical Prism in the Night}
\_Xpage{531}{512}
\_Xpage{532}{513}
\_Xpage{533}{514}
\_Xtoc{2}{sec}{9.4}{}{Redacted Scattering between Levels}
\_Xpage{533}{514}
\_Xpage{534}{515}
\_Xpage{535}{516}
\_Xtoc{2}{sec}{9.5}{}{Infinite Void of the Mind}
\_Xpage{535}{516}
\_Xpage{536}{517}
\_Xpage{537}{518}
\_Xtoc{2}{sec}{9.6}{}{The Paradox under Pressure}
\_Xpage{537}{518}
\_Xpage{538}{519}
\_Xpage{539}{520}
\_Xtoc{2}{sec}{9.7}{}{Fragmented Symmetry of Salford}
\_Xpage{539}{520}
\_Xpage{540}{521}
\_Xpage{541}{522}
\_Xtoc{2}{sec}{9.8}{}{Neutron Ambition of the Soul}
\_Xpage{541}{522}
\_Xpage{542}{523}
\_Xpage{543}{524}
\_Xtoc{2}{sec}{9.9}{}{Nuclear Ghost of Salford}
\_Xpage{543}{524}
\_Xpage{544}{525}
\_Xpage{545}{526}
\_Xtoc{2}{sec}{9.10}{}{Redacted Engine under Pressure}
\_Xpage{545}{526}
\_Xpage{546}{527}
\_Xpage{547}{528}
\_Xtoc{2}{sec}{9.11}{}{Imperial Ambition between Levels}
\_Xpage{547}{528}
\_Xpage{548}{529}
\_Xpage{549}{530}
\_Xtoc{2}{sec}{9.12}{}{Binary Scattering from the Gaps}
\_Xpage{549}{530}
\_Xpage{550}{531}
\_Xpage{551}{532}
\_Xtoc{2}{sec}{9.13}{}{Nuclear Scattering from the Gaps}
\_Xpage{551}{532}
\_Xpage{552}{533}
\_Xpage{553}{534}
\_Xtoc{2}{sec}{9.14}{}{The Mirror under Pressure}
\_Xpage{553}{534}
\_Xpage{554}{535}
\_Xpage{555}{536}
\_Xtoc{2}{sec}{9.15}{}{Imperial Scattering in London}
\_Xpage{555}{536}
\_Xpage{556}{537}
\_Xpage{557}{538}
\_Xtoc{2}{sec}{9.16}{}{Neutron Dossier of Salford}
\_Xpage{557}{538}
\_Xpage{558}{539}
\_Xpage{559}{540}
\_Xtoc{2}{sec}{9.17}{}{Imperial Engine of the Unseen}
\_Xpage{559}{540}
\_Xpage{560}{541}
\_Xpage{561}{542}
\_Xtoc{2}{sec}{9.18}{}{Imperial Loop from the Gaps}
\_Xpage{561}{542}
\_Xpage{562}{543}
\_Xpage{563}{544}
\_Xtoc{2}{sec}{9.19}{}{Strange Paradox beyond Sight}
\_Xpage{563}{544}
\_Xpage{564}{545}
\_Xpage{565}{546}
\_Xtoc{2}{sec}{9.20}{}{The Geometry of Cadley Causeway}
\_Xpage{565}{546}
\_Xpage{566}{547}
\_Xpage{567}{548}
\_Xtoc{2}{sec}{9.21}{}{Logical Ledger at Oxford}
\_Xpage{567}{548}
\_Xpage{568}{549}
\_Xpage{569}{550}
\_Xtoc{2}{sec}{9.22}{}{Logical Void under Pressure}
\_Xpage{569}{550}
\_Xpage{570}{551}
\_Xpage{571}{552}
\_Xtoc{2}{sec}{9.23}{}{Binary Scattering without End}
\_Xpage{571}{552}
\_Xpage{572}{553}
\_Xpage{573}{554}
\_Xtoc{2}{sec}{9.24}{}{Quantum Symmetry in the Night}
\_Xpage{573}{554}
\_Xpage{574}{555}
\_Xpage{575}{556}
\_Xtoc{2}{sec}{9.25}{}{Quantum Dossier of the Soul}
\_Xpage{575}{556}
\_Xpage{576}{557}
\_Xpage{577}{558}
\_Xtoc{2}{sec}{9.26}{}{Visible Protocol without End}
\_Xpage{577}{558}
\_Xpage{578}{559}
\_Xpage{579}{560}
\_Xtoc{2}{sec}{9.27}{}{Shadowed Dossier of the Unseen}
\_Xpage{579}{560}
\_Xpage{580}{561}
\_Xpage{581}{562}
\_Xtoc{2}{sec}{9.28}{}{Quantum Mirror under Pressure}
\_Xpage{581}{562}
\_Xpage{582}{563}
\_Xpage{583}{564}
\_Xtoc{2}{sec}{9.29}{}{Redacted Symmetry without End}
\_Xpage{583}{564}
\_Xpage{584}{565}
\_Xpage{585}{566}
\_Xtoc{2}{sec}{9.30}{}{Telemachus}
\_Xpage{585}{566}
\_Xpage{586}{567}
\_Xpage{587}{568}
\_Xpage{588}{569}
\_Xtoc{1}{chap}{10}{}{The Lengthening Light}
\_Xpage{588}{569}
\_Xpage{589}{570}
\_Xtoc{2}{sec}{10.1}{}{Ulysses on the Ribble}
\_Xpage{589}{570}
\_Xpage{590}{571}
\_Xpage{591}{572}
\_Xtoc{2}{sec}{10.2}{}{My Uncle Arnos}
\_Xpage{591}{572}
\_Xpage{592}{573}
\_Xpage{593}{574}
\_Xtoc{2}{sec}{10.3}{}{Last Year in Marienplatz}
\_Xpage{593}{574}
\_Xpage{594}{575}
\_Xpage{595}{576}
\_Xtoc{2}{sec}{10.4}{}{Four Sacraments and a Topographical Object}
\_Xpage{595}{576}
\_Xpage{596}{577}
\_Xpage{597}{578}
\_Xtoc{2}{sec}{10.5}{}{Fragmented Scattering of the Soul}
\_Xpage{597}{578}
\_Xpage{598}{579}
\_Xpage{599}{580}
\_Xtoc{2}{sec}{10.6}{}{Echoing Cipher of the Mind}
\_Xpage{599}{580}
\_Xpage{600}{581}
\_Xpage{601}{582}
\_Xtoc{2}{sec}{10.7}{}{Nuclear Resonance at Oxford}
\_Xpage{601}{582}
\_Xpage{602}{583}
\_Xpage{603}{584}
\_Xtoc{2}{sec}{10.8}{}{Invisible Protocol in London}
\_Xpage{603}{584}
\_Xpage{604}{585}
\_Xpage{605}{586}
\_Xtoc{2}{sec}{10.9}{}{Fragmented Void at Oxford}
\_Xpage{605}{586}
\_Xpage{606}{587}
\_Xpage{607}{588}
\_Xtoc{2}{sec}{10.10}{}{Nuclear Lens of the Soul}
\_Xpage{607}{588}
\_Xpage{608}{589}
\_Xpage{609}{590}
\_Xtoc{2}{sec}{10.11}{}{Imperial Ledger in the Night}
\_Xpage{609}{590}
\_Xpage{610}{591}
\_Xpage{611}{592}
\_Xtoc{2}{sec}{10.12}{}{Infinite Reflection beyond Sight}
\_Xpage{611}{592}
\_Xpage{612}{593}
\_Xpage{613}{594}
\_Xtoc{2}{sec}{10.13}{}{The Ambition of Salford}
\_Xpage{613}{594}
\_Xpage{614}{595}
\_Xpage{615}{596}
\_Xtoc{2}{sec}{10.14}{}{Quantum Protocol of the Unseen}
\_Xpage{615}{596}
\_Xpage{616}{597}
\_Xpage{617}{598}
\_Xtoc{2}{sec}{10.15}{}{Binary Protocol beyond Sight}
\_Xpage{617}{598}
\_Xpage{618}{599}
\_Xpage{619}{600}
\_Xtoc{2}{sec}{10.16}{}{The Ghost under Pressure}
\_Xpage{619}{600}
\_Xpage{620}{601}
\_Xpage{621}{602}
\_Xtoc{2}{sec}{10.17}{}{Sleeps Six}
\_Xpage{621}{602}
\_Xpage{622}{603}
\_Xpage{623}{604}
\_Xtoc{2}{sec}{10.18}{}{Recursive Ledger of Power}
\_Xpage{623}{604}
\_Xpage{624}{605}
\_Xpage{625}{606}
\_Xtoc{2}{sec}{10.19}{}{Strange Tesseract of the Mind}
\_Xpage{625}{606}
\_Xpage{626}{607}
\_Xpage{627}{608}
\_Xtoc{2}{sec}{10.20}{}{Shadowed Engine of Power}
\_Xpage{627}{608}
\_Xpage{628}{609}
\_Xpage{629}{610}
\_Xtoc{2}{sec}{10.21}{}{Redacted Protocol in London}
\_Xpage{629}{610}
\_Xpage{630}{611}
\_Xpage{631}{612}
\_Xtoc{2}{sec}{10.22}{}{Quantum Protocol under Pressure}
\_Xpage{631}{612}
\_Xpage{632}{613}
\_Xpage{633}{614}
\_Xtoc{2}{sec}{10.23}{}{Infinite Prism in the Night}
\_Xpage{633}{614}
\_Xpage{634}{615}
\_Xpage{635}{616}
\_Xtoc{2}{sec}{10.24}{}{Binary Engine beyond Sight}
\_Xpage{635}{616}
\_Xpage{636}{617}
\_Xpage{637}{618}
\_Xtoc{2}{sec}{10.25}{}{Logical Reflection without End}
\_Xpage{637}{618}
\_Xpage{638}{619}
\_Xpage{639}{620}
\_Xtoc{2}{sec}{10.26}{}{Fragmented Dossier against the Grain}
\_Xpage{639}{620}
\_Xpage{640}{621}
\_Xpage{641}{622}
\_Xtoc{2}{sec}{10.27}{}{Binary Engine in London}
\_Xpage{641}{622}
\_Xpage{642}{623}
\_Xpage{643}{624}
\_Xtoc{2}{sec}{10.28}{}{A Scattering of Salford}
\_Xpage{643}{624}
\_Xpage{644}{625}
\_Xpage{645}{626}
\_Xtoc{2}{sec}{10.29}{}{Fragmented Labyrinth against the Grain}
\_Xpage{645}{626}
\_Xpage{646}{627}
\_Xpage{647}{628}
\_Xtoc{2}{sec}{10.30}{}{Hidden Dossier without End}
\_Xpage{647}{628}
\_Xpage{648}{629}
\_Xpage{649}{630}
\_Xtoc{2}{sec}{10.31}{}{Hidden Scattering of Power}
\_Xpage{649}{630}
\_Xpage{650}{631}
\_Xpage{651}{632}
\_Xpage{652}{633}
\_Xtoc{1}{chap}{11}{}{The Fog of Disguise}
\_Xpage{652}{633}
\_Xpage{653}{634}
\_Xtoc{2}{sec}{11.1}{}{Strange Paradox without End}
\_Xpage{653}{634}
\_Xpage{654}{635}
\_Xpage{655}{636}
\_Xtoc{2}{sec}{11.2}{}{Echoing Protocol of the Mind}
\_Xpage{655}{636}
\_Xpage{656}{637}
\_Xpage{657}{638}
\_Xtoc{2}{sec}{11.3}{}{Official Nonsense Babble}
\_Xpage{657}{638}
\_Xpage{658}{639}
\_Xpage{659}{640}
\_Xtoc{2}{sec}{11.4}{}{Logical Void of Power}
\_Xpage{659}{640}
\_Xpage{660}{641}
\_Xpage{661}{642}
\_Xtoc{2}{sec}{11.5}{}{Binary Engine of the Mind}
\_Xpage{661}{642}
\_Xpage{662}{643}
\_Xpage{663}{644}
\_Xtoc{2}{sec}{11.6}{}{Iskra}
\_Xpage{663}{644}
\_Xpage{664}{645}
\_Xpage{665}{646}
\_Xtoc{2}{sec}{11.7}{}{University of Life}
\_Xpage{665}{646}
\_Xpage{666}{647}
\_Xpage{667}{648}
\_Xtoc{2}{sec}{11.8}{}{Recursive Hierarchy of Salford}
\_Xpage{667}{648}
\_Xpage{668}{649}
\_Xpage{669}{650}
\_Xtoc{2}{sec}{11.9}{}{Hard Times}
\_Xpage{669}{650}
\_Xpage{670}{651}
\_Xpage{671}{652}
\_Xtoc{2}{sec}{11.10}{}{Imperial Loop without End}
\_Xpage{671}{652}
\_Xpage{672}{653}
\_Xpage{673}{654}
\_Xtoc{2}{sec}{11.11}{}{Echoing Symmetry of Salford}
\_Xpage{673}{654}
\_Xpage{674}{655}
\_Xpage{675}{656}
\_Xtoc{2}{sec}{11.12}{}{Tangled Hierarchy from the Gaps}
\_Xpage{675}{656}
\_Xpage{676}{657}
\_Xpage{677}{658}
\_Xtoc{2}{sec}{11.13}{}{Hidden Reflection of Salford}
\_Xpage{677}{658}
\_Xpage{678}{659}
\_Xpage{679}{660}
\_Xtoc{2}{sec}{11.14}{}{Infinite Protocol of Power}
\_Xpage{679}{660}
\_Xpage{680}{661}
\_Xpage{681}{662}
\_Xtoc{2}{sec}{11.15}{}{Infinite Ghost without End}
\_Xpage{681}{662}
\_Xpage{682}{663}
\_Xpage{683}{664}
\_Xtoc{2}{sec}{11.16}{}{Fragmented Prism between Levels}
\_Xpage{683}{664}
\_Xpage{684}{665}
\_Xpage{685}{666}
\_Xtoc{2}{sec}{11.17}{}{Tangled Dossier in the Night}
\_Xpage{685}{666}
\_Xpage{686}{667}
\_Xpage{687}{668}
\_Xtoc{2}{sec}{11.18}{}{Proposition 7}
\_Xpage{687}{668}
\_Xpage{688}{669}
\_Xpage{689}{670}
\_Xtoc{2}{sec}{11.19}{}{Shadowed Paradox of the Mind}
\_Xpage{689}{670}
\_Xpage{690}{671}
\_Xpage{691}{672}
\_Xtoc{2}{sec}{11.20}{}{Logical Scattering without End}
\_Xpage{691}{672}
\_Xpage{692}{673}
\_Xpage{693}{674}
\_Xtoc{2}{sec}{11.21}{}{Recursive Labyrinth of Power}
\_Xpage{693}{674}
\_Xpage{694}{675}
\_Xpage{695}{676}
\_Xtoc{2}{sec}{11.22}{}{Binary Paradox between Levels}
\_Xpage{695}{676}
\_Xpage{696}{677}
\_Xpage{697}{678}
\_Xtoc{2}{sec}{11.23}{}{Echoing Loop of Salford}
\_Xpage{697}{678}
\_Xpage{698}{679}
\_Xpage{699}{680}
\_Xtoc{2}{sec}{11.24}{}{Shadowed Reflection without End}
\_Xpage{699}{680}
\_Xpage{700}{681}
\_Xpage{701}{682}
\_Xtoc{2}{sec}{11.25}{}{Logical Symmetry under Pressure}
\_Xpage{701}{682}
\_Xpage{702}{683}
\_Xpage{703}{684}
\_Xtoc{2}{sec}{11.26}{}{British Grove}
\_Xpage{703}{684}
\_Xpage{704}{685}
\_Xpage{705}{686}
\_Xtoc{2}{sec}{11.27}{}{Echoing Hierarchy at Oxford}
\_Xpage{705}{686}
\_Xpage{706}{687}
\_Xpage{707}{688}
\_Xtoc{2}{sec}{11.28}{}{Eleven Minutes Late (or Badgers on the Line)}
\_Xpage{707}{688}
\_Xpage{708}{689}
\_Xpage{709}{690}
\_Xtoc{2}{sec}{11.29}{}{Recursive Resonance against the Grain}
\_Xpage{709}{690}
\_Xpage{710}{691}
\_Xpage{711}{692}
\_Xtoc{2}{sec}{11.30}{}{A Ledger against the Grain}
\_Xpage{711}{692}
\_Xpage{712}{693}
\_Xpage{713}{694}
\_Xpage{714}{695}
\_Xtoc{1}{chap}{12}{}{The Closing Circle}
\_Xpage{714}{695}
\_Xpage{715}{696}
\_Xtoc{2}{sec}{12.1}{}{Invisible Reflection for Extra Freshness}
\_Xpage{715}{696}
\_Xpage{716}{697}
\_Xpage{717}{698}
\_Xtoc{2}{sec}{12.2}{}{Neutron Reflection of Salford}
\_Xpage{717}{698}
\_Xpage{718}{699}
\_Xpage{719}{700}
\_Xtoc{2}{sec}{12.3}{}{Tangled Loop in the Night}
\_Xpage{719}{700}
\_Xpage{720}{701}
\_Xpage{721}{702}
\_Xtoc{2}{sec}{12.4}{}{Strange Dossier without End}
\_Xpage{721}{702}
\_Xpage{722}{703}
\_Xpage{723}{704}
\_Xtoc{2}{sec}{12.5}{}{Fragmented Dossier in the Night}
\_Xpage{723}{704}
\_Xpage{724}{705}
\_Xpage{725}{706}
\_Xtoc{2}{sec}{12.6}{}{Recursive Hierarchy of the Mind}
\_Xpage{725}{706}
\_Xpage{726}{707}
\_Xpage{727}{708}
\_Xtoc{2}{sec}{12.7}{}{Strange Dossier against the Grain}
\_Xpage{727}{708}
\_Xpage{728}{709}
\_Xpage{729}{710}
\_Xtoc{2}{sec}{12.8}{}{Binary Void at Oxford}
\_Xpage{729}{710}
\_Xpage{730}{711}
\_Xpage{731}{712}
\_Xtoc{2}{sec}{12.9}{}{Echoing Void under Pressure}
\_Xpage{731}{712}
\_Xpage{732}{713}
\_Xpage{733}{714}
\_Xtoc{2}{sec}{12.10}{}{Invisible Labyrinth of the Mind}
\_Xpage{733}{714}
\_Xpage{734}{715}
\_Xpage{735}{716}
\_Xtoc{2}{sec}{12.11}{}{Recursive Ghost beyond Sight}
\_Xpage{735}{716}
\_Xpage{736}{717}
\_Xpage{737}{718}
\_Xtoc{2}{sec}{12.12}{}{Optical Ghost at Oxford}
\_Xpage{737}{718}
\_Xpage{738}{719}
\_Xpage{739}{720}
\_Xtoc{2}{sec}{12.13}{}{A Hierarchy between Levels}
\_Xpage{739}{720}
\_Xpage{740}{721}
\_Xpage{741}{722}
\_Xtoc{2}{sec}{12.14}{}{Sunshine Desserts in Space}
\_Xpage{741}{722}
\_Xpage{742}{723}
\_Xpage{743}{724}
\_Xtoc{2}{sec}{12.15}{}{Optical Hierarchy of the Mind}
\_Xpage{743}{724}
\_Xpage{744}{725}
\_Xpage{745}{726}
\_Xtoc{2}{sec}{12.16}{}{Quantum Mirror of the Soul}
\_Xpage{745}{726}
\_Xpage{746}{727}
\_Xpage{747}{728}
\_Xtoc{2}{sec}{12.17}{}{Imperial Cipher of the Unseen}
\_Xpage{747}{728}
\_Xpage{748}{729}
\_Xpage{749}{730}
\_Xtoc{2}{sec}{12.18}{}{Logical Resonance at Oxford}
\_Xpage{749}{730}
\_Xpage{750}{731}
\_Xpage{751}{732}
\_Xtoc{2}{sec}{12.19}{}{Nuclear Mirror of Power}
\_Xpage{751}{732}
\_Xpage{752}{733}
\_Xpage{753}{734}
\_Xtoc{2}{sec}{12.20}{}{Nuclear Engine against the Grain}
\_Xpage{753}{734}
\_Xpage{754}{735}
\_Xpage{755}{736}
\_Xtoc{2}{sec}{12.21}{}{Winter Suns}
\_Xpage{755}{736}
\_Xpage{756}{737}
\_Xpage{757}{738}
\_Xtoc{2}{sec}{12.22}{}{Echoing Symmetry from the Gaps}
\_Xpage{757}{738}
\_Xpage{758}{739}
\_Xpage{759}{740}
\_Xtoc{2}{sec}{12.23}{}{Recursive Reflection of Salford}
\_Xpage{759}{740}
\_Xpage{760}{741}
\_Xpage{761}{742}
\_Xtoc{2}{sec}{12.24}{}{Shadowed Cipher of Power}
\_Xpage{761}{742}
\_Xpage{762}{743}
\_Xpage{763}{744}
\_Xtoc{2}{sec}{12.25}{}{Invisible Protocol without End}
\_Xpage{763}{744}
\_Xpage{764}{745}
\_Xpage{765}{746}
\_Xtoc{2}{sec}{12.26}{}{A Tesseract in London}
\_Xpage{765}{746}
\_Xpage{766}{747}
\_Xpage{767}{748}
\_Xtoc{2}{sec}{12.27}{}{Redacted Protocol against the Grain}
\_Xpage{767}{748}
\_Xpage{768}{749}
\_Xpage{769}{750}
\_Xtoc{2}{sec}{12.28}{}{Recursive Ledger between Levels}
\_Xpage{769}{750}
\_Xpage{770}{751}
\_Xpage{771}{752}
\_Xtoc{2}{sec}{12.29}{}{Recursive Engine in London}
\_Xpage{771}{752}
\_Xpage{772}{753}
\_Xpage{773}{754}
\_Xtoc{2}{sec}{12.30}{}{A Resonance in London}
\_Xpage{773}{754}
\_Xpage{774}{755}
\_Xpage{775}{756}
\_Xtoc{2}{sec}{12.31}{}{This Brief Music}
\_Xpage{775}{756}
\_Xpage{776}{757}
\_Xpage{777}{758}
\_Xtoc{1}{chap}{A}{}{The Visibility Protocol}
\_Xpage{777}{758}
\_Xpage{778}{759}
\_Xpage{779}{760}
\_Xtoc{1}{chap}{B}{}{On the Lore of the Seen}
\_Xpage{779}{760}
\_Xpage{780}{761}
\_Xpage{781}{762}
\_Xtoc{1}{chap}{}{}{Bibliography}
\_Xpage{781}{762}
\_Xpage{782}{763}
\_Xpage{783}{764}
